// Vitest Snapshot v1, https://vitest.dev/guide/snapshot.html

exports[`InputTree > show top level nodes as list by default ( tree is collapes) 1`] = `
<ul
  class="text-search-filter-group-title"
>
  
  <li
    class="mb-2.5"
  >
    <div
      class="flex items-start"
    >
      <span
        class="flex items-center justify-center w-6 h-6 rounded-full hover:bg-search-filter-group-toggle hover:cursor-pointer rotate-180 text-search-filter-group-toggle"
      >
        <iconscaretup
          width="20"
        />
      </span>
      <div
        class="flex items-center"
      >
        <input
          class="w-5 h-5 rounded-3px ml-[6px] mr-2.5 mt-0.5 accent-yellow-500 indeterminate:accent-yellow-500 border border-checkbox hover:cursor-pointer"
          id="Node 0"
          name="Node 0"
          type="checkbox"
        />
      </div>
      <label
        class="hover:cursor-pointer text-body-sm group"
        for="Node 0"
      >
        <span
          class="group-hover:underline whitespace-nowrap"
        >
          Node 0
        </span>
      </label>
      <div
        class="inline-flex items-center whitespace-nowrap"
      >
        <div
          class="inline-block pl-1"
        >
          <!--v-if-->
        </div>
      </div>
    </div>
    <ul
      class="ml-10 mr-4 hidden"
    >
      
      <li
        class="mt-2.5 relative"
      >
        <span
          class="flex items-center"
        >
          <span
            class="-left-[11px] top-0 text-search-filter-group-toggle rounded-full hover:bg-search-filter-group-toggle hover:cursor-pointer h-6 w-6 flex items-center justify-center absolute z-20"
          >
            <iconscaretup
              width="20"
            />
          </span>
          <iconscollapsiblelistitemsub
            class="text-blue-200 absolute -top-[9px]"
            width="20"
          />
        </span>
        <div
          class="flex items-start ml-3"
        >
          <div
            class="flex items-center"
          >
            <input
              class="w-5 h-5 rounded-3px ml-2.5 mr-2.5 mt-0.5 accent-yellow-500 indeterminate:accent-yellow-500 border border-checkbox"
              id="Node 0.0"
              name="Node 0.0"
              type="checkbox"
            />
          </div>
          <label
            class="hover:cursor-pointer text-body-sm group"
            for="Node 0.0"
          >
            <span
              class="group-hover:underline whitespace-nowrap"
            >
              Node 0.0
            </span>
            <div
              class="inline-flex items-center whitespace-nowrap"
            >
              <div
                class="inline-block"
              >
                <!--v-if-->
              </div>
            </div>
          </label>
        </div>
        <ul
          class="hidden ml-[31px]"
        >
          <treechild
            expandselected="false"
            nodes="[object Object],[object Object]"
            parent="[object Object]"
          />
        </ul>
      </li>
      <li
        class="mt-2.5 relative"
      >
        <span
          class="flex items-center"
        >
          <span
            class="-left-[11px] top-0 text-search-filter-group-toggle rounded-full hover:bg-search-filter-group-toggle hover:cursor-pointer h-6 w-6 flex items-center justify-center absolute z-20"
          >
            <iconscaretup
              width="20"
            />
          </span>
          <iconscollapsiblelistitemsub
            class="text-blue-200 absolute -top-[9px]"
            width="20"
          />
        </span>
        <div
          class="flex items-start ml-3"
        >
          <div
            class="flex items-center"
          >
            <input
              class="w-5 h-5 rounded-3px ml-2.5 mr-2.5 mt-0.5 accent-yellow-500 indeterminate:accent-yellow-500 border border-checkbox"
              id="Node 0.1"
              name="Node 0.1"
              type="checkbox"
            />
          </div>
          <label
            class="hover:cursor-pointer text-body-sm group"
            for="Node 0.1"
          >
            <span
              class="group-hover:underline whitespace-nowrap"
            >
              Node 0.1
            </span>
            <div
              class="inline-flex items-center whitespace-nowrap"
            >
              <div
                class="inline-block"
              >
                <!--v-if-->
              </div>
            </div>
          </label>
        </div>
        <ul
          class="hidden ml-[31px]"
        >
          <treechild
            expandselected="false"
            nodes="[object Object],[object Object]"
            parent="[object Object]"
          />
        </ul>
      </li>
      
    </ul>
  </li>
  <li
    class="mb-2.5"
  >
    <div
      class="flex items-start"
    >
      <span
        class="flex items-center justify-center w-6 h-6 rounded-full hover:bg-search-filter-group-toggle hover:cursor-pointer rotate-180 text-search-filter-group-toggle"
      >
        <iconscaretup
          width="20"
        />
      </span>
      <div
        class="flex items-center"
      >
        <input
          class="w-5 h-5 rounded-3px ml-[6px] mr-2.5 mt-0.5 accent-yellow-500 indeterminate:accent-yellow-500 border border-checkbox hover:cursor-pointer"
          id="Node 1"
          name="Node 1"
          type="checkbox"
        />
      </div>
      <label
        class="hover:cursor-pointer text-body-sm group"
        for="Node 1"
      >
        <span
          class="group-hover:underline whitespace-nowrap"
        >
          Node 1
        </span>
      </label>
      <div
        class="inline-flex items-center whitespace-nowrap"
      >
        <div
          class="inline-block pl-1"
        >
          <!--v-if-->
        </div>
      </div>
    </div>
    <ul
      class="ml-10 mr-4 hidden"
    >
      
      <li
        class="mt-2.5 relative"
      >
        <span
          class="flex items-center"
        >
          <span
            class="-left-[11px] top-0 text-search-filter-group-toggle rounded-full hover:bg-search-filter-group-toggle hover:cursor-pointer h-6 w-6 flex items-center justify-center absolute z-20"
          >
            <iconscaretup
              width="20"
            />
          </span>
          <iconscollapsiblelistitemsub
            class="text-blue-200 absolute -top-[9px]"
            width="20"
          />
        </span>
        <div
          class="flex items-start ml-3"
        >
          <div
            class="flex items-center"
          >
            <input
              class="w-5 h-5 rounded-3px ml-2.5 mr-2.5 mt-0.5 accent-yellow-500 indeterminate:accent-yellow-500 border border-checkbox"
              id="Node 1.0"
              name="Node 1.0"
              type="checkbox"
            />
          </div>
          <label
            class="hover:cursor-pointer text-body-sm group"
            for="Node 1.0"
          >
            <span
              class="group-hover:underline whitespace-nowrap"
            >
              Node 1.0
            </span>
            <div
              class="inline-flex items-center whitespace-nowrap"
            >
              <div
                class="inline-block"
              >
                <!--v-if-->
              </div>
            </div>
          </label>
        </div>
        <ul
          class="hidden ml-[31px]"
        >
          <treechild
            expandselected="false"
            nodes="[object Object],[object Object]"
            parent="[object Object]"
          />
        </ul>
      </li>
      <li
        class="mt-2.5 relative"
      >
        <span
          class="flex items-center"
        >
          <span
            class="-left-[11px] top-0 text-search-filter-group-toggle rounded-full hover:bg-search-filter-group-toggle hover:cursor-pointer h-6 w-6 flex items-center justify-center absolute z-20"
          >
            <iconscaretup
              width="20"
            />
          </span>
          <iconscollapsiblelistitemsub
            class="text-blue-200 absolute -top-[9px]"
            width="20"
          />
        </span>
        <div
          class="flex items-start ml-3"
        >
          <div
            class="flex items-center"
          >
            <input
              class="w-5 h-5 rounded-3px ml-2.5 mr-2.5 mt-0.5 accent-yellow-500 indeterminate:accent-yellow-500 border border-checkbox"
              id="Node 1.1"
              name="Node 1.1"
              type="checkbox"
            />
          </div>
          <label
            class="hover:cursor-pointer text-body-sm group"
            for="Node 1.1"
          >
            <span
              class="group-hover:underline whitespace-nowrap"
            >
              Node 1.1
            </span>
            <div
              class="inline-flex items-center whitespace-nowrap"
            >
              <div
                class="inline-block"
              >
                <!--v-if-->
              </div>
            </div>
          </label>
        </div>
        <ul
          class="hidden ml-[31px]"
        >
          <treechild
            expandselected="false"
            nodes="[object Object],[object Object]"
            parent="[object Object]"
          />
        </ul>
      </li>
      
    </ul>
  </li>
  
</ul>
`;
